// Jest Snapshot v1, https://goo.gl/fbAQLP

exports[`should render CharField 1`] = `
<FormField
  disabled={true}
  error={false}
  width={1}
>
  <SUILabel
    help_text="Really?"
    layoutOpts={
      Object {
        "width": 1,
      }
    }
    name="char_field_name"
    type="CharField"
    verbose_name="I've corkscrewed her twice for the last night!"
  />
  <FormInput
    as={[Function]}
    control={[Function]}
    name="char_field_name"
    type="text"
  />
  <span
    className="help-text"
  >
    Really?
  </span>
  <MessageList />
</FormField>
`;
