// Jest Snapshot v1, https://goo.gl/fbAQLP

exports[`should render IntegerField 1`] = `
<FormField
  disabled={true}
  error={false}
  width={1}
>
  <SUILabel
    help_text="You pop instanlty?! Huh?"
    layoutOpts={
      Object {
        "width": 1,
      }
    }
    name="integer_field_name"
    type="IntegerField"
    verbose_name="Check out that fantastically horny slut!"
  />
  <FormInput
    as={[Function]}
    control={[Function]}
    max={2147483647}
    min={-2147483648}
    name="integer_field_name"
    type="number"
  />
  <span
    className="help-text"
  >
    You pop instanlty?! Huh?
  </span>
  <MessageList />
</FormField>
`;
