// Jest Snapshot v1, https://goo.gl/fbAQLP

exports[`should render TextField 1`] = `
<FormField
  disabled={true}
  error={false}
  width={1}
>
  <SUILabel
    help_text="Let's shit and run at your house, dude?"
    layoutOpts={
      Object {
        "width": 1,
      }
    }
    name="text_field_name"
    type="TextField"
    verbose_name="What wanna do tonight?"
  />
  <FormTextArea
    as={[Function]}
    control={[Function]}
    name="text_field_name"
  />
  <span
    className="help-text"
  >
    Let's shit and run at your house, dude?
  </span>
  <MessageList />
</FormField>
`;
