// Jest Snapshot v1, https://goo.gl/fbAQLP

exports[`should render CharField 1`] = `
<FormField
  disabled={true}
  error={false}
  width={1}
>
  <Label
    help_text="CharField: help_text"
    layoutOpts={
      Object {
        "width": 1,
      }
    }
    name="CharField: name"
    type="CharField"
    verbose_name="CharField: verbose_name"
  />
  <FormInput
    as={[Function]}
    control={[Function]}
    name="CharField: name"
    type="text"
  />
  <span
    className="help-text"
  >
    CharField: help_text
  </span>
  <ErrorsList
    color="red"
    header="Errors"
  />
</FormField>
`;
